================================================================================
                    綜合測試報告 (Comprehensive Test Report)
================================================================================
測試時間: 2026-02-03 09:48:30

✅ 通過: 36
❌ 失敗: 0
⚠️  警告: 1


--------------------------------------------------------------------------------
⚠️  警告:
--------------------------------------------------------------------------------
  - 類別統計-多類別 MAC: 有 6 個 MAC 屬於多個類別: ['AA:BB:CC:DD:EE:01', 'AA:BB:CC:DD:EE:02', 'AA:BB:CC:DD:EE:03', 'AA:BB:CC:DD:EE:04', 'AA:BB:CC:DD:EE:05', 'AA:BB:CC:DD:EE:06']

--------------------------------------------------------------------------------
✅ 通過的測試:
--------------------------------------------------------------------------------
  ✓ 比較邏輯-結果數量 (7 筆)
  ✓ 比較邏輯-severity 值有效 ({'info': 5, 'critical': 1, 'warning': 1})
  ✓ 類別統計-類別存在 (3 個類別)
  ✓ 類別統計-EQP成員數 (3 個)
  ✓ 類別統計-AMHS成員數 (1 個)
  ✓ 類別統計-示範櫃成員數 (3 個)
  ✓ 類別統計-所有 MAC 已分類 (7 個)
  ✓ Checkpoint-API 回應 (10 個 checkpoints)
  ✓ Checkpoint-排除 current_time (current_time 不在 summaries 中)
  ✓ Checkpoint-by_category 存在 (所有 summaries 都有)
  ✓ Checkpoint-類別 ID 一致 (IDs: {'112', '113', '114'})
  ✓ API一致性-issue_count (兩者都是 2)
  ✓ API一致性-EQP (兩者都是 1)
  ✓ API一致性-AMHS (兩者都是 0)
  ✓ API一致性-示範櫃 (兩者都是 1)
  ✓ API一致性-未分類 (兩者都是 0)
  ✓ 嚴重度覆蓋-存在 (1 個覆蓋)
  ✓ 嚴重度覆蓋-AA:BB:CC:DD:EE:01 (覆蓋為 info)
  ✓ Dashboard-transceiver (0/0 通過)
  ✓ Dashboard-version (2/2 通過)
  ✓ Dashboard-uplink (0/0 通過)
  ✓ Dashboard-port_channel (0/0 通過)
  ✓ Dashboard-power (0/0 通過)
  ✓ Dashboard-fan (0/0 通過)
  ✓ Dashboard-error_count (0/0 通過)
  ✓ Dashboard-ping (4/5 通過)
  ✓ Dashboard-overall (通過率 85.7%)
  ✓ Mock-ClientRecord存在 (8320 筆)
  ✓ Mock-VersionRecord存在 (450 筆)
  ✓ Mock-detection_status更新 (DETECTED: 5, NOT_DETECTED: 2)
  ✓ Edge-不存在的ID (正確返回空資料)
  ✓ Edge-無效checkpoint格式 (正確返回 400)
  ✓ Edge-空MAC處理 (已在程式碼中處理)
  ✓ 資料完整性-MAC格式 (所有 7 個 MAC 格式正確)
  ✓ 資料完整性-設備hostname (所有 5 個設備都有 hostname)
  ✓ 資料完整性-類別成員 (所有成員的 MAC 都在清單中)

================================================================================